// Jest Snapshot v1, https://goo.gl/fbAQLP

exports[`remark slug should add id 1`] = `
"<h2 id=\\"user-content-hello-world\\"><span id=\\"user-content-hello-world\\"></span>hello world</h2>
<p>this is me.</p>
"
`;
